2025-11-13T07:11:21.345Z	INFO	instance/beat.go:640	Home path: [/usr/share/metricbeat] Config path: [/usr/share/metricbeat] Data path: [/usr/share/metricbeat/data] Logs path: [/usr/share/metricbeat/logs]
2025-11-13T07:11:21.810Z	INFO	instance/beat.go:648	Beat ID: d3e22b9e-805a-42a6-a322-c3074f55cfa0
2025-11-13T07:11:21.812Z	INFO	[seccomp]	seccomp/seccomp.go:124	Syscall filter successfully installed
2025-11-13T07:11:21.817Z	INFO	[beat]	instance/beat.go:976	Beat info	{"system_info": {"beat": {"path": {"config": "/usr/share/metricbeat", "data": "/usr/share/metricbeat/data", "home": "/usr/share/metricbeat", "logs": "/usr/share/metricbeat/logs"}, "type": "metricbeat", "uuid": "d3e22b9e-805a-42a6-a322-c3074f55cfa0"}}}
2025-11-13T07:11:21.817Z	INFO	[beat]	instance/beat.go:985	Build info	{"system_info": {"build": {"commit": "7aab6a9659749802201db8020c4f04b74cec2169", "libbeat": "7.9.3", "time": "2020-10-16T09:21:04.000Z", "version": "7.9.3"}}}
2025-11-13T07:11:21.817Z	INFO	[beat]	instance/beat.go:988	Go runtime info	{"system_info": {"go": {"os":"linux","arch":"amd64","max_procs":4,"version":"go1.14.7"}}}
2025-11-13T07:11:21.820Z	INFO	[beat]	instance/beat.go:992	Host info	{"system_info": {"host": {"architecture":"x86_64","boot_time":"2025-11-13T07:00:28Z","containerized":false,"name":"metricbeat","ip":["127.0.0.1/8","::1/128","172.19.0.7/16"],"kernel_version":"6.8.0-87-generic","mac":["4a:76:d1:80:49:ab"],"os":{"family":"redhat","platform":"centos","name":"CentOS Linux","version":"7 (Core)","major":7,"minor":8,"patch":2003,"codename":"Core"},"timezone":"UTC","timezone_offset_sec":0}}}
2025-11-13T07:11:21.822Z	INFO	[beat]	instance/beat.go:1021	Process info	{"system_info": {"process": {"capabilities": {"inheritable":null,"permitted":["chown","dac_override","fowner","fsetid","kill","setgid","setuid","setpcap","net_bind_service","net_raw","sys_chroot","mknod","audit_write","setfcap"],"effective":["chown","dac_override","fowner","fsetid","kill","setgid","setuid","setpcap","net_bind_service","net_raw","sys_chroot","mknod","audit_write","setfcap"],"bounding":["chown","dac_override","fowner","fsetid","kill","setgid","setuid","setpcap","net_bind_service","net_raw","sys_chroot","mknod","audit_write","setfcap"],"ambient":null}, "cwd": "/usr/share/metricbeat", "exe": "/usr/share/metricbeat/metricbeat", "name": "metricbeat", "pid": 1, "ppid": 0, "seccomp": {"mode":"filter","no_new_privs":true}, "start_time": "2025-11-13T07:11:07.340Z"}}}
2025-11-13T07:11:21.822Z	INFO	instance/beat.go:299	Setup Beat: metricbeat; Version: 7.9.3
2025-11-13T07:11:21.822Z	INFO	instance/beat.go:332	No outputs are defined. Please define one under the output section.
2025-11-13T07:11:21.822Z	INFO	instance/beat.go:419	metricbeat stopped.
2025-11-13T07:11:21.822Z	ERROR	instance/beat.go:951	Exiting: No outputs are defined. Please define one under the output section.
Exiting: No outputs are defined. Please define one under the output section.
2025-11-13T12:08:19.480Z	INFO	instance/beat.go:640	Home path: [/usr/share/metricbeat] Config path: [/usr/share/metricbeat] Data path: [/usr/share/metricbeat/data] Logs path: [/usr/share/metricbeat/logs]
2025-11-13T12:08:19.835Z	INFO	instance/beat.go:648	Beat ID: 835cec50-5a04-47cf-aa3f-4c57cddaf7f7
2025-11-13T12:08:19.838Z	INFO	[seccomp]	seccomp/seccomp.go:124	Syscall filter successfully installed
2025-11-13T12:08:19.895Z	INFO	[beat]	instance/beat.go:976	Beat info	{"system_info": {"beat": {"path": {"config": "/usr/share/metricbeat", "data": "/usr/share/metricbeat/data", "home": "/usr/share/metricbeat", "logs": "/usr/share/metricbeat/logs"}, "type": "metricbeat", "uuid": "835cec50-5a04-47cf-aa3f-4c57cddaf7f7"}}}
2025-11-13T12:08:19.895Z	INFO	[beat]	instance/beat.go:985	Build info	{"system_info": {"build": {"commit": "7aab6a9659749802201db8020c4f04b74cec2169", "libbeat": "7.9.3", "time": "2020-10-16T09:21:04.000Z", "version": "7.9.3"}}}
2025-11-13T12:08:19.895Z	INFO	[beat]	instance/beat.go:988	Go runtime info	{"system_info": {"go": {"os":"linux","arch":"amd64","max_procs":10,"version":"go1.14.7"}}}
2025-11-13T12:08:19.903Z	INFO	[beat]	instance/beat.go:992	Host info	{"system_info": {"host": {"architecture":"x86_64","boot_time":"2025-11-13T11:25:50Z","containerized":false,"name":"metricbeat","ip":["127.0.0.1/8","::1/128","172.19.0.7/16"],"kernel_version":"6.8.0-87-generic","mac":["c2:19:56:7e:28:e9"],"os":{"family":"redhat","platform":"centos","name":"CentOS Linux","version":"7 (Core)","major":7,"minor":8,"patch":2003,"codename":"Core"},"timezone":"UTC","timezone_offset_sec":0}}}
2025-11-13T12:08:19.903Z	INFO	[beat]	instance/beat.go:1021	Process info	{"system_info": {"process": {"capabilities": {"inheritable":null,"permitted":["chown","dac_override","fowner","fsetid","kill","setgid","setuid","setpcap","net_bind_service","net_raw","sys_chroot","mknod","audit_write","setfcap"],"effective":["chown","dac_override","fowner","fsetid","kill","setgid","setuid","setpcap","net_bind_service","net_raw","sys_chroot","mknod","audit_write","setfcap"],"bounding":["chown","dac_override","fowner","fsetid","kill","setgid","setuid","setpcap","net_bind_service","net_raw","sys_chroot","mknod","audit_write","setfcap"],"ambient":null}, "cwd": "/usr/share/metricbeat", "exe": "/usr/share/metricbeat/metricbeat", "name": "metricbeat", "pid": 1, "ppid": 0, "seccomp": {"mode":"filter","no_new_privs":true}, "start_time": "2025-11-13T12:07:40.000Z"}}}
2025-11-13T12:08:19.903Z	INFO	instance/beat.go:299	Setup Beat: metricbeat; Version: 7.9.3
2025-11-13T12:08:19.903Z	INFO	instance/beat.go:332	No outputs are defined. Please define one under the output section.
2025-11-13T12:08:19.903Z	INFO	instance/beat.go:419	metricbeat stopped.
2025-11-13T12:08:19.903Z	ERROR	instance/beat.go:951	Exiting: No outputs are defined. Please define one under the output section.
Exiting: No outputs are defined. Please define one under the output section.
2025-11-13T21:58:29.149Z	INFO	instance/beat.go:640	Home path: [/usr/share/metricbeat] Config path: [/usr/share/metricbeat] Data path: [/usr/share/metricbeat/data] Logs path: [/usr/share/metricbeat/logs]
2025-11-13T21:58:29.198Z	INFO	instance/beat.go:648	Beat ID: b82a9911-5711-4a91-9b9c-7ee708b12b65
2025-11-13T21:58:29.199Z	INFO	[seccomp]	seccomp/seccomp.go:124	Syscall filter successfully installed
2025-11-13T21:58:29.202Z	INFO	[beat]	instance/beat.go:976	Beat info	{"system_info": {"beat": {"path": {"config": "/usr/share/metricbeat", "data": "/usr/share/metricbeat/data", "home": "/usr/share/metricbeat", "logs": "/usr/share/metricbeat/logs"}, "type": "metricbeat", "uuid": "b82a9911-5711-4a91-9b9c-7ee708b12b65"}}}
2025-11-13T21:58:29.202Z	INFO	[beat]	instance/beat.go:985	Build info	{"system_info": {"build": {"commit": "7aab6a9659749802201db8020c4f04b74cec2169", "libbeat": "7.9.3", "time": "2020-10-16T09:21:04.000Z", "version": "7.9.3"}}}
2025-11-13T21:58:29.202Z	INFO	[beat]	instance/beat.go:988	Go runtime info	{"system_info": {"go": {"os":"linux","arch":"amd64","max_procs":8,"version":"go1.14.7"}}}
2025-11-13T21:58:29.203Z	INFO	[beat]	instance/beat.go:992	Host info	{"system_info": {"host": {"architecture":"x86_64","boot_time":"2025-11-13T21:50:04Z","containerized":false,"name":"metricbeat","ip":["127.0.0.1/8","::1/128","172.19.0.7/16"],"kernel_version":"6.8.0-87-generic","mac":["22:b0:81:7c:d3:98"],"os":{"family":"redhat","platform":"centos","name":"CentOS Linux","version":"7 (Core)","major":7,"minor":8,"patch":2003,"codename":"Core"},"timezone":"UTC","timezone_offset_sec":0}}}
2025-11-13T21:58:29.203Z	INFO	[beat]	instance/beat.go:1021	Process info	{"system_info": {"process": {"capabilities": {"inheritable":null,"permitted":["chown","dac_override","fowner","fsetid","kill","setgid","setuid","setpcap","net_bind_service","net_raw","sys_chroot","mknod","audit_write","setfcap"],"effective":["chown","dac_override","fowner","fsetid","kill","setgid","setuid","setpcap","net_bind_service","net_raw","sys_chroot","mknod","audit_write","setfcap"],"bounding":["chown","dac_override","fowner","fsetid","kill","setgid","setuid","setpcap","net_bind_service","net_raw","sys_chroot","mknod","audit_write","setfcap"],"ambient":null}, "cwd": "/usr/share/metricbeat", "exe": "/usr/share/metricbeat/metricbeat", "name": "metricbeat", "pid": 1, "ppid": 0, "seccomp": {"mode":"filter","no_new_privs":true}, "start_time": "2025-11-13T21:58:23.780Z"}}}
2025-11-13T21:58:29.203Z	INFO	instance/beat.go:299	Setup Beat: metricbeat; Version: 7.9.3
2025-11-13T21:58:29.203Z	INFO	instance/beat.go:332	No outputs are defined. Please define one under the output section.
2025-11-13T21:58:29.203Z	INFO	instance/beat.go:419	metricbeat stopped.
2025-11-13T21:58:29.203Z	ERROR	instance/beat.go:951	Exiting: No outputs are defined. Please define one under the output section.
Exiting: No outputs are defined. Please define one under the output section.
2025-11-14T09:18:38.683Z	INFO	instance/beat.go:640	Home path: [/usr/share/metricbeat] Config path: [/usr/share/metricbeat] Data path: [/usr/share/metricbeat/data] Logs path: [/usr/share/metricbeat/logs]
2025-11-14T09:18:38.798Z	INFO	instance/beat.go:648	Beat ID: c1962ee6-2173-4f52-81dd-6093634e69da
2025-11-14T09:18:38.798Z	INFO	[seccomp]	seccomp/seccomp.go:124	Syscall filter successfully installed
2025-11-14T09:18:38.798Z	INFO	[beat]	instance/beat.go:976	Beat info	{"system_info": {"beat": {"path": {"config": "/usr/share/metricbeat", "data": "/usr/share/metricbeat/data", "home": "/usr/share/metricbeat", "logs": "/usr/share/metricbeat/logs"}, "type": "metricbeat", "uuid": "c1962ee6-2173-4f52-81dd-6093634e69da"}}}
2025-11-14T09:18:38.798Z	INFO	[beat]	instance/beat.go:985	Build info	{"system_info": {"build": {"commit": "7aab6a9659749802201db8020c4f04b74cec2169", "libbeat": "7.9.3", "time": "2020-10-16T09:21:04.000Z", "version": "7.9.3"}}}
2025-11-14T09:18:38.798Z	INFO	[beat]	instance/beat.go:988	Go runtime info	{"system_info": {"go": {"os":"linux","arch":"amd64","max_procs":8,"version":"go1.14.7"}}}
2025-11-14T09:18:38.800Z	INFO	[beat]	instance/beat.go:992	Host info	{"system_info": {"host": {"architecture":"x86_64","boot_time":"2025-11-14T00:47:28Z","containerized":false,"name":"metricbeat","ip":["127.0.0.1/8","::1/128","172.19.0.8/16"],"kernel_version":"6.8.0-87-generic","mac":["56:08:f0:4b:b5:c4"],"os":{"family":"redhat","platform":"centos","name":"CentOS Linux","version":"7 (Core)","major":7,"minor":8,"patch":2003,"codename":"Core"},"timezone":"UTC","timezone_offset_sec":0}}}
2025-11-14T09:18:38.804Z	INFO	[beat]	instance/beat.go:1021	Process info	{"system_info": {"process": {"capabilities": {"inheritable":null,"permitted":["chown","dac_override","fowner","fsetid","kill","setgid","setuid","setpcap","net_bind_service","net_raw","sys_chroot","mknod","audit_write","setfcap"],"effective":["chown","dac_override","fowner","fsetid","kill","setgid","setuid","setpcap","net_bind_service","net_raw","sys_chroot","mknod","audit_write","setfcap"],"bounding":["chown","dac_override","fowner","fsetid","kill","setgid","setuid","setpcap","net_bind_service","net_raw","sys_chroot","mknod","audit_write","setfcap"],"ambient":null}, "cwd": "/usr/share/metricbeat", "exe": "/usr/share/metricbeat/metricbeat", "name": "metricbeat", "pid": 1, "ppid": 0, "seccomp": {"mode":"filter","no_new_privs":true}, "start_time": "2025-11-14T09:18:24.910Z"}}}
2025-11-14T09:18:38.804Z	INFO	instance/beat.go:299	Setup Beat: metricbeat; Version: 7.9.3
2025-11-14T09:18:38.806Z	INFO	instance/beat.go:332	No outputs are defined. Please define one under the output section.
2025-11-14T09:18:38.806Z	INFO	instance/beat.go:419	metricbeat stopped.
2025-11-14T09:18:38.806Z	ERROR	instance/beat.go:951	Exiting: No outputs are defined. Please define one under the output section.
Exiting: No outputs are defined. Please define one under the output section.
